Archive member included to satisfy reference by file (symbol)

c:/program files/microchip/xc8/v2.36/avr/bin/../lib/gcc/avr/5.4.0/avr5/memx-const\libgcc.a(_copy_data.o)
                              EXT_INT0_Prog.o (__do_clear_bss)
c:/program files/microchip/xc8/v2.36/avr/bin/../lib/gcc/avr/5.4.0/../../../../avr/lib/avr5/memx-const\libc.a(exit.o)
                              E:/MEC/embedded/7.0/Packs/atmel/ATmega_DFP/1.7.374/xc8/avr/lib/avr5/memx-const/crtatmega32.o (exit)
c:/program files/microchip/xc8/v2.36/avr/bin/../lib/gcc/avr/5.4.0/../../../../avr/lib/avr5/memx-const\libc.a(_Exit.o)
                              c:/program files/microchip/xc8/v2.36/avr/bin/../lib/gcc/avr/5.4.0/../../../../avr/lib/avr5/memx-const\libc.a(exit.o) (_Exit)
c:/program files/microchip/xc8/v2.36/avr/bin/../lib/gcc/avr/5.4.0/avr5/memx-const\libgcc.a(_exit.o)
                              c:/program files/microchip/xc8/v2.36/avr/bin/../lib/gcc/avr/5.4.0/../../../../avr/lib/avr5/memx-const\libc.a(_Exit.o) (_exit)

Discarded input sections

 .data          0x0000000000000000        0x0 E:/MEC/embedded/7.0/Packs/atmel/ATmega_DFP/1.7.374/xc8/avr/lib/avr5/memx-const/crtatmega32.o
 .bss           0x0000000000000000        0x0 E:/MEC/embedded/7.0/Packs/atmel/ATmega_DFP/1.7.374/xc8/avr/lib/avr5/memx-const/crtatmega32.o
 .text          0x0000000000000000        0x0 DIO_prog.o
 .data          0x0000000000000000        0x0 DIO_prog.o
 .bss           0x0000000000000000        0x0 DIO_prog.o
 .text.DIO_INIT
                0x0000000000000000       0x12 DIO_prog.o
 .text.Toggle_Pin
                0x0000000000000000       0x70 DIO_prog.o
 .text.Read_Pin_Val
                0x0000000000000000       0x5c DIO_prog.o
 .text.Set_Port_Direction
                0x0000000000000000       0x50 DIO_prog.o
 .text.Set_Port_Val
                0x0000000000000000       0x20 DIO_prog.o
 .text.Toggle_Port
                0x0000000000000000       0x30 DIO_prog.o
 .text.Read_Port_Val
                0x0000000000000000       0x24 DIO_prog.o
 .text          0x0000000000000000        0x0 EXT_INT0_Prog.o
 .data          0x0000000000000000        0x0 EXT_INT0_Prog.o
 .bss           0x0000000000000000        0x0 EXT_INT0_Prog.o
 .text.EXT_INT0_Disable
                0x0000000000000000       0x14 EXT_INT0_Prog.o
 .text.EXT_INT0_ReturnFlag
                0x0000000000000000       0x20 EXT_INT0_Prog.o
 .text          0x0000000000000000        0x0 EXT_INT1_Prog.o
 .data          0x0000000000000000        0x0 EXT_INT1_Prog.o
 .bss           0x0000000000000000        0x0 EXT_INT1_Prog.o
 .text.EXT_INT1_Disable
                0x0000000000000000       0x14 EXT_INT1_Prog.o
 .text.EXT_INT1_ReturnFlag
                0x0000000000000000       0x20 EXT_INT1_Prog.o
 .text          0x0000000000000000        0x0 EXT_INT2_Prog.o
 .data          0x0000000000000000        0x0 EXT_INT2_Prog.o
 .bss           0x0000000000000000        0x0 EXT_INT2_Prog.o
 .text.EXT_INT2_Disable
                0x0000000000000000       0x14 EXT_INT2_Prog.o
 .text.EXT_INT2_ReturnFlag
                0x0000000000000000       0x20 EXT_INT2_Prog.o
 .text          0x0000000000000000        0x0 GP_INT.o
 .data          0x0000000000000000        0x0 GP_INT.o
 .bss           0x0000000000000000        0x0 GP_INT.o
 .text.GP_INT_Disable
                0x0000000000000000        0x8 GP_INT.o
 .text          0x0000000000000000        0x0 main.o
 .data          0x0000000000000000        0x0 main.o
 .bss           0x0000000000000000        0x0 main.o
 .text          0x0000000000000000        0x0 c:/program files/microchip/xc8/v2.36/avr/bin/../lib/gcc/avr/5.4.0/avr5/memx-const\libgcc.a(_copy_data.o)
 .data          0x0000000000000000        0x0 c:/program files/microchip/xc8/v2.36/avr/bin/../lib/gcc/avr/5.4.0/avr5/memx-const\libgcc.a(_copy_data.o)
 .bss           0x0000000000000000        0x0 c:/program files/microchip/xc8/v2.36/avr/bin/../lib/gcc/avr/5.4.0/avr5/memx-const\libgcc.a(_copy_data.o)
 .text.libgcc.mul
                0x0000000000000000        0x0 c:/program files/microchip/xc8/v2.36/avr/bin/../lib/gcc/avr/5.4.0/avr5/memx-const\libgcc.a(_copy_data.o)
 .text.libgcc.div
                0x0000000000000000        0x0 c:/program files/microchip/xc8/v2.36/avr/bin/../lib/gcc/avr/5.4.0/avr5/memx-const\libgcc.a(_copy_data.o)
 .text.libgcc   0x0000000000000000        0x0 c:/program files/microchip/xc8/v2.36/avr/bin/../lib/gcc/avr/5.4.0/avr5/memx-const\libgcc.a(_copy_data.o)
 .text.libgcc.prologue
                0x0000000000000000        0x0 c:/program files/microchip/xc8/v2.36/avr/bin/../lib/gcc/avr/5.4.0/avr5/memx-const\libgcc.a(_copy_data.o)
 .text.libgcc.builtins
                0x0000000000000000        0x0 c:/program files/microchip/xc8/v2.36/avr/bin/../lib/gcc/avr/5.4.0/avr5/memx-const\libgcc.a(_copy_data.o)
 .text.libgcc.fmul
                0x0000000000000000        0x0 c:/program files/microchip/xc8/v2.36/avr/bin/../lib/gcc/avr/5.4.0/avr5/memx-const\libgcc.a(_copy_data.o)
 .text.libgcc.fixed
                0x0000000000000000        0x0 c:/program files/microchip/xc8/v2.36/avr/bin/../lib/gcc/avr/5.4.0/avr5/memx-const\libgcc.a(_copy_data.o)
 .text          0x0000000000000000        0x0 c:/program files/microchip/xc8/v2.36/avr/bin/../lib/gcc/avr/5.4.0/../../../../avr/lib/avr5/memx-const\libc.a(exit.o)
 .data          0x0000000000000000        0x0 c:/program files/microchip/xc8/v2.36/avr/bin/../lib/gcc/avr/5.4.0/../../../../avr/lib/avr5/memx-const\libc.a(exit.o)
 .bss           0x0000000000000000        0x0 c:/program files/microchip/xc8/v2.36/avr/bin/../lib/gcc/avr/5.4.0/../../../../avr/lib/avr5/memx-const\libc.a(exit.o)
 .text          0x0000000000000000        0x0 c:/program files/microchip/xc8/v2.36/avr/bin/../lib/gcc/avr/5.4.0/../../../../avr/lib/avr5/memx-const\libc.a(_Exit.o)
 .data          0x0000000000000000        0x0 c:/program files/microchip/xc8/v2.36/avr/bin/../lib/gcc/avr/5.4.0/../../../../avr/lib/avr5/memx-const\libc.a(_Exit.o)
 .bss           0x0000000000000000        0x0 c:/program files/microchip/xc8/v2.36/avr/bin/../lib/gcc/avr/5.4.0/../../../../avr/lib/avr5/memx-const\libc.a(_Exit.o)
 .text          0x0000000000000000        0x0 c:/program files/microchip/xc8/v2.36/avr/bin/../lib/gcc/avr/5.4.0/avr5/memx-const\libgcc.a(_exit.o)
 .data          0x0000000000000000        0x0 c:/program files/microchip/xc8/v2.36/avr/bin/../lib/gcc/avr/5.4.0/avr5/memx-const\libgcc.a(_exit.o)
 .bss           0x0000000000000000        0x0 c:/program files/microchip/xc8/v2.36/avr/bin/../lib/gcc/avr/5.4.0/avr5/memx-const\libgcc.a(_exit.o)
 .text.libgcc.mul
                0x0000000000000000        0x0 c:/program files/microchip/xc8/v2.36/avr/bin/../lib/gcc/avr/5.4.0/avr5/memx-const\libgcc.a(_exit.o)
 .text.libgcc.div
                0x0000000000000000        0x0 c:/program files/microchip/xc8/v2.36/avr/bin/../lib/gcc/avr/5.4.0/avr5/memx-const\libgcc.a(_exit.o)
 .text.libgcc   0x0000000000000000        0x0 c:/program files/microchip/xc8/v2.36/avr/bin/../lib/gcc/avr/5.4.0/avr5/memx-const\libgcc.a(_exit.o)
 .text.libgcc.prologue
                0x0000000000000000        0x0 c:/program files/microchip/xc8/v2.36/avr/bin/../lib/gcc/avr/5.4.0/avr5/memx-const\libgcc.a(_exit.o)
 .stack.descriptors
                0x0000000000000000       0x13 c:/program files/microchip/xc8/v2.36/avr/bin/../lib/gcc/avr/5.4.0/avr5/memx-const\libgcc.a(_exit.o)
 .text.libgcc.builtins
                0x0000000000000000        0x0 c:/program files/microchip/xc8/v2.36/avr/bin/../lib/gcc/avr/5.4.0/avr5/memx-const\libgcc.a(_exit.o)
 .text.libgcc.fmul
                0x0000000000000000        0x0 c:/program files/microchip/xc8/v2.36/avr/bin/../lib/gcc/avr/5.4.0/avr5/memx-const\libgcc.a(_exit.o)
 .text.libgcc.fixed
                0x0000000000000000        0x0 c:/program files/microchip/xc8/v2.36/avr/bin/../lib/gcc/avr/5.4.0/avr5/memx-const\libgcc.a(_exit.o)

Memory Configuration

Name             Origin             Length             Attributes
text             0x0000000000000000 0x0000000000008000 xr
data             0x0000000000800060 0x0000000000000800 rw !x
eeprom           0x0000000000810000 0x0000000000000400 rw !x
fuse             0x0000000000820000 0x0000000000000002 rw !x
lock             0x0000000000830000 0x0000000000000400 rw !x
signature        0x0000000000840000 0x0000000000000400 rw !x
user_signatures  0x0000000000850000 0x0000000000000400 rw !x
*default*        0x0000000000000000 0xffffffffffffffff

Linker script and memory map

LOAD E:/MEC/embedded/7.0/Packs/atmel/ATmega_DFP/1.7.374/xc8/avr/lib/avr5/memx-const/crtatmega32.o
LOAD DIO_prog.o
LOAD EXT_INT0_Prog.o
LOAD EXT_INT1_Prog.o
LOAD EXT_INT2_Prog.o
LOAD GP_INT.o
LOAD main.o
START GROUP
LOAD c:/program files/microchip/xc8/v2.36/avr/bin/../lib/gcc/avr/5.4.0/../../../../avr/lib/avr5/memx-const\libm.a
END GROUP
START GROUP
LOAD c:/program files/microchip/xc8/v2.36/avr/bin/../lib/gcc/avr/5.4.0/avr5/memx-const\libgcc.a
LOAD c:/program files/microchip/xc8/v2.36/avr/bin/../lib/gcc/avr/5.4.0/../../../../avr/lib/avr5/memx-const\libm.a
LOAD c:/program files/microchip/xc8/v2.36/avr/bin/../lib/gcc/avr/5.4.0/../../../../avr/lib/avr5/memx-const\libc.a
LOAD E:/MEC/embedded/7.0/Packs/atmel/ATmega_DFP/1.7.374/xc8/avr/lib/avr5/memx-const\libatmega32.a
END GROUP
                0x0000000000000000                __TEXT_REGION_ORIGIN__ = DEFINED (__TEXT_REGION_ORIGIN__)?__TEXT_REGION_ORIGIN__:0x0
                [0x0000000000800060]                __DATA_REGION_ORIGIN__ = DEFINED (__DATA_REGION_ORIGIN__)?__DATA_REGION_ORIGIN__:0x800060
                [0x0000000000008000]                __TEXT_REGION_LENGTH__ = DEFINED (__TEXT_REGION_LENGTH__)?__TEXT_REGION_LENGTH__:0x20000
                [0x0000000000000800]                __DATA_REGION_LENGTH__ = DEFINED (__DATA_REGION_LENGTH__)?__DATA_REGION_LENGTH__:0xffa0
                [0x0000000000000400]                __EEPROM_REGION_LENGTH__ = DEFINED (__EEPROM_REGION_LENGTH__)?__EEPROM_REGION_LENGTH__:0x10000
                [0x0000000000000002]                __FUSE_REGION_LENGTH__ = DEFINED (__FUSE_REGION_LENGTH__)?__FUSE_REGION_LENGTH__:0x400
                0x0000000000000400                __LOCK_REGION_LENGTH__ = DEFINED (__LOCK_REGION_LENGTH__)?__LOCK_REGION_LENGTH__:0x400
                0x0000000000000400                __SIGNATURE_REGION_LENGTH__ = DEFINED (__SIGNATURE_REGION_LENGTH__)?__SIGNATURE_REGION_LENGTH__:0x400
                0x0000000000000400                __USER_SIGNATURE_REGION_LENGTH__ = DEFINED (__USER_SIGNATURE_REGION_LENGTH__)?__USER_SIGNATURE_REGION_LENGTH__:0x400

.hash
 *(.hash)

.dynsym
 *(.dynsym)

.dynstr
 *(.dynstr)

.gnu.version
 *(.gnu.version)

.gnu.version_d
 *(.gnu.version_d)

.gnu.version_r
 *(.gnu.version_r)

.rel.init
 *(.rel.init)

.rela.init
 *(.rela.init)

.rel.text
 *(.rel.text)
 *(.rel.text.*)
 *(.rel.gnu.linkonce.t*)

.rela.text
 *(.rela.text)
 *(.rela.text.*)
 *(.rela.gnu.linkonce.t*)

.rel.fini
 *(.rel.fini)

.rela.fini
 *(.rela.fini)

.rel.rodata
 *(.rel.rodata)
 *(.rel.rodata.*)
 *(.rel.gnu.linkonce.r*)

.rela.rodata
 *(.rela.rodata)
 *(.rela.rodata.*)
 *(.rela.gnu.linkonce.r*)

.rel.data
 *(.rel.data)
 *(.rel.data.*)
 *(.rel.gnu.linkonce.d*)

.rela.data
 *(.rela.data)
 *(.rela.data.*)
 *(.rela.gnu.linkonce.d*)

.rel.ctors
 *(.rel.ctors)

.rela.ctors
 *(.rela.ctors)

.rel.dtors
 *(.rel.dtors)

.rela.dtors
 *(.rela.dtors)

.rel.got
 *(.rel.got)

.rela.got
 *(.rela.got)

.rel.bss
 *(.rel.bss)

.rela.bss
 *(.rela.bss)

.rel.plt
 *(.rel.plt)

.rela.plt
 *(.rela.plt)

.text           0x0000000000000000       0xae
 *(.vectors)
 .vectors       0x0000000000000000       0x54 E:/MEC/embedded/7.0/Packs/atmel/ATmega_DFP/1.7.374/xc8/avr/lib/avr5/memx-const/crtatmega32.o
                0x0000000000000000                __vector_default
                0x0000000000000000                __vectors
 *(.vectors)
 *(.progmem.gcc*)
 *(.dinit)
 .dinit         0x0000000000000054        0x5 data_init
                0x000000000000005a                . = ALIGN (0x2)
 *fill*         0x0000000000000059        0x1 
                0x000000000000005a                __trampolines_start = .
 *(.trampolines)
 .trampolines   0x000000000000005a        0x0 linker stubs
 *(.trampolines*)
                0x000000000000005a                __trampolines_end = .
 *libprintf_flt.a:*(.progmem.data)
 *libc.a:*(.progmem.data)
                0x000000000000005a                . = ALIGN (0x2)
 *(.jumptables)
 *(.jumptables*)
 *(.lowtext)
 *(.lowtext*)
                0x000000000000005a                __ctors_start = .
 *(.ctors)
                0x000000000000005a                __ctors_end = .
                0x000000000000005a                __dtors_start = .
 *(.dtors)
                0x000000000000005a                __dtors_end = .
 SORT(*)(.ctors)
 SORT(*)(.dtors)
 *(.init0)
 .init0         0x000000000000005a        0x0 E:/MEC/embedded/7.0/Packs/atmel/ATmega_DFP/1.7.374/xc8/avr/lib/avr5/memx-const/crtatmega32.o
                0x000000000000005a                __init
 *(.init0)
 *(.init1)
 *(.init1)
 *(.init2)
 .init2         0x000000000000005a        0xc E:/MEC/embedded/7.0/Packs/atmel/ATmega_DFP/1.7.374/xc8/avr/lib/avr5/memx-const/crtatmega32.o
 *(.init2)
 *(.init3)
 *(.init3)
 *(.init4)
 .init4         0x0000000000000066       0x3c c:/program files/microchip/xc8/v2.36/avr/bin/../lib/gcc/avr/5.4.0/avr5/memx-const\libgcc.a(_copy_data.o)
                0x0000000000000066                __do_copy_data
                0x0000000000000094                __do_clear_bss
 *(.init4)
 *(.init5)
 *(.init5)
 *(.init6)
 *(.init6)
 *(.init7)
 *(.init7)
 *(.init8)
 *(.init8)
 *(.init9)
 .init9         0x00000000000000a2        0x8 E:/MEC/embedded/7.0/Packs/atmel/ATmega_DFP/1.7.374/xc8/avr/lib/avr5/memx-const/crtatmega32.o
 *(.init9)
                0x00000000000000aa                . = ALIGN (0x2)
 *(.fini9)
 .fini9         0x00000000000000aa        0x0 c:/program files/microchip/xc8/v2.36/avr/bin/../lib/gcc/avr/5.4.0/avr5/memx-const\libgcc.a(_exit.o)
                0x00000000000000aa                _exit
 *(.fini9)
 *(.fini8)
 *(.fini8)
 *(.fini7)
 *(.fini7)
 *(.fini6)
 *(.fini6)
 *(.fini5)
 *(.fini5)
 *(.fini4)
 *(.fini4)
 *(.fini3)
 *(.fini3)
 *(.fini2)
 *(.fini2)
 *(.fini1)
 *(.fini1)
 *(.fini0)
 .fini0         0x00000000000000aa        0x4 c:/program files/microchip/xc8/v2.36/avr/bin/../lib/gcc/avr/5.4.0/avr5/memx-const\libgcc.a(_exit.o)
 *(.fini0)
                0x00000000000000ae                _etext = .

.data           0x0000000000800060        0x0 load address 0x00000000000000ae
                [!provide]                        PROVIDE (__data_start, .)
 *(.gnu.linkonce.d*)
 *(.gnu.linkonce.r*)
                0x0000000000800060                . = ALIGN (0x2)
                0x0000000000800060                _edata = .
                [!provide]                        PROVIDE (__data_end, .)

.bss            0x0000000000800060        0x0
                [!provide]                        PROVIDE (__bss_start, .)
 *(COMMON)
                [!provide]                        PROVIDE (__bss_end, .)
                0x00000000000000ae                __data_load_start = LOADADDR (.data)
                0x00000000000000ae                __data_load_end = (__data_load_start + SIZEOF (.data))

.noinit         0x0000000000800060        0x0
                [!provide]                        PROVIDE (__noinit_start, .)
 *(.noinit*)
                [!provide]                        PROVIDE (__noinit_end, .)
                0x0000000000800060                _end = .

.eeprom         0x0000000000810000        0x0
 *(.eeprom*)
                0x0000000000810000                __eeprom_end = .

.fuse
 *(.fuse)
 *(.lfuse)
 *(.hfuse)
 *(.efuse)

.lock
 *(.lock*)

.signature
 *(.signature*)

.user_signatures
 *(.user_signatures*)

.stab
 *(.stab)

.stabstr
 *(.stabstr)

.stab.excl
 *(.stab.excl)

.stab.exclstr
 *(.stab.exclstr)

.stab.index
 *(.stab.index)

.stab.indexstr
 *(.stab.indexstr)

.comment        0x0000000000000000       0x2f
 *(.comment)
 .comment       0x0000000000000000       0x2f DIO_prog.o
                                         0x30 (size before relaxing)
 .comment       0x000000000000002f       0x30 EXT_INT0_Prog.o
 .comment       0x000000000000002f       0x30 EXT_INT1_Prog.o
 .comment       0x000000000000002f       0x30 EXT_INT2_Prog.o
 .comment       0x000000000000002f       0x30 GP_INT.o
 .comment       0x000000000000002f       0x30 main.o
 .comment       0x000000000000002f       0x30 c:/program files/microchip/xc8/v2.36/avr/bin/../lib/gcc/avr/5.4.0/../../../../avr/lib/avr5/memx-const\libc.a(exit.o)
 .comment       0x000000000000002f       0x30 c:/program files/microchip/xc8/v2.36/avr/bin/../lib/gcc/avr/5.4.0/../../../../avr/lib/avr5/memx-const\libc.a(_Exit.o)

.note.GNU-stack
                0x0000000000000000        0x0
 .note.GNU-stack
                0x0000000000000000        0x0 c:/program files/microchip/xc8/v2.36/avr/bin/../lib/gcc/avr/5.4.0/../../../../avr/lib/avr5/memx-const\libc.a(exit.o)
 .note.GNU-stack
                0x0000000000000000        0x0 c:/program files/microchip/xc8/v2.36/avr/bin/../lib/gcc/avr/5.4.0/../../../../avr/lib/avr5/memx-const\libc.a(_Exit.o)

.stack.descriptors.hdr
                0x0000000000000000        0xe
 .stack.descriptors.hdr
                0x0000000000000000        0xe c:/program files/microchip/xc8/v2.36/avr/bin/../lib/gcc/avr/5.4.0/avr5/memx-const\libgcc.a(_exit.o)

.note.gnu.build-id
 *(.note.gnu.build-id)

.debug
 *(.debug)

.line
 *(.line)

.debug_srcinfo
 *(.debug_srcinfo)

.debug_sfnames
 *(.debug_sfnames)

.debug_aranges  0x0000000000000000      0x198
 *(.debug_aranges)
 .debug_aranges
                0x0000000000000000       0x60 DIO_prog.o
 .debug_aranges
                0x0000000000000060       0x48 EXT_INT0_Prog.o
 .debug_aranges
                0x00000000000000a8       0x48 EXT_INT1_Prog.o
 .debug_aranges
                0x00000000000000f0       0x48 EXT_INT2_Prog.o
 .debug_aranges
                0x0000000000000138       0x28 GP_INT.o
 .debug_aranges
                0x0000000000000160       0x38 main.o

.debug_pubnames
 *(.debug_pubnames)

.debug_info     0x0000000000000000     0x1f54
 *(.debug_info .gnu.linkonce.wi.*)
 .debug_info    0x0000000000000000      0x4e6 E:/MEC/embedded/7.0/Packs/atmel/ATmega_DFP/1.7.374/xc8/avr/lib/avr5/memx-const/crtatmega32.o
 .debug_info    0x00000000000004e6      0x559 DIO_prog.o
 .debug_info    0x0000000000000a3f      0x3ba EXT_INT0_Prog.o
 .debug_info    0x0000000000000df9      0x3ba EXT_INT1_Prog.o
 .debug_info    0x00000000000011b3      0x3ba EXT_INT2_Prog.o
 .debug_info    0x000000000000156d      0x2a5 GP_INT.o
 .debug_info    0x0000000000001812      0x742 main.o

.debug_abbrev   0x0000000000000000      0x947
 *(.debug_abbrev)
 .debug_abbrev  0x0000000000000000      0x4a3 E:/MEC/embedded/7.0/Packs/atmel/ATmega_DFP/1.7.374/xc8/avr/lib/avr5/memx-const/crtatmega32.o
 .debug_abbrev  0x00000000000004a3       0xf3 DIO_prog.o
 .debug_abbrev  0x0000000000000596       0xbe EXT_INT0_Prog.o
 .debug_abbrev  0x0000000000000654       0xbe EXT_INT1_Prog.o
 .debug_abbrev  0x0000000000000712       0xbe EXT_INT2_Prog.o
 .debug_abbrev  0x00000000000007d0       0x4d GP_INT.o
 .debug_abbrev  0x000000000000081d      0x12a main.o

.debug_line     0x0000000000000000      0x907
 *(.debug_line .debug_line.* .debug_line_end)
 .debug_line    0x0000000000000000      0x119 E:/MEC/embedded/7.0/Packs/atmel/ATmega_DFP/1.7.374/xc8/avr/lib/avr5/memx-const/crtatmega32.o
 .debug_line    0x0000000000000119      0x295 DIO_prog.o
 .debug_line    0x00000000000003ae      0x105 EXT_INT0_Prog.o
 .debug_line    0x00000000000004b3      0x107 EXT_INT1_Prog.o
 .debug_line    0x00000000000005ba       0xdd EXT_INT2_Prog.o
 .debug_line    0x0000000000000697       0x64 GP_INT.o
 .debug_line    0x00000000000006fb      0x20c main.o

.debug_frame    0x0000000000000000      0x360
 *(.debug_frame)
 .debug_frame   0x0000000000000000       0xa4 DIO_prog.o
 .debug_frame   0x00000000000000a4       0xbc EXT_INT0_Prog.o
 .debug_frame   0x0000000000000160       0xbc EXT_INT1_Prog.o
 .debug_frame   0x000000000000021c       0xbc EXT_INT2_Prog.o
 .debug_frame   0x00000000000002d8       0x34 GP_INT.o
 .debug_frame   0x000000000000030c       0x54 main.o

.debug_str      0x0000000000000000      0x26f
 *(.debug_str)
 .debug_str     0x0000000000000000      0x196 E:/MEC/embedded/7.0/Packs/atmel/ATmega_DFP/1.7.374/xc8/avr/lib/avr5/memx-const/crtatmega32.o
 .debug_str     0x0000000000000196        0x5 DIO_prog.o
 .debug_str     0x000000000000019b        0x0 EXT_INT0_Prog.o
 .debug_str     0x000000000000019b        0x0 EXT_INT1_Prog.o
 .debug_str     0x000000000000019b        0x0 EXT_INT2_Prog.o
 .debug_str     0x000000000000019b        0x0 GP_INT.o
 .debug_str     0x000000000000019b       0xd4 main.o

.debug_loc      0x0000000000000000      0x8fd
 *(.debug_loc)
 .debug_loc     0x0000000000000000      0x4e4 DIO_prog.o
 .debug_loc     0x00000000000004e4      0x11e EXT_INT0_Prog.o
 .debug_loc     0x0000000000000602      0x11e EXT_INT1_Prog.o
 .debug_loc     0x0000000000000720      0x105 EXT_INT2_Prog.o
 .debug_loc     0x0000000000000825       0xd8 main.o

.debug_macinfo
 *(.debug_macinfo)

.debug_weaknames
 *(.debug_weaknames)

.debug_funcnames
 *(.debug_funcnames)

.debug_typenames
 *(.debug_typenames)

.debug_varnames
 *(.debug_varnames)

.debug_pubtypes
 *(.debug_pubtypes)

.debug_ranges   0x0000000000000000      0x138
 *(.debug_ranges)
 .debug_ranges  0x0000000000000000       0x50 DIO_prog.o
 .debug_ranges  0x0000000000000050       0x38 EXT_INT0_Prog.o
 .debug_ranges  0x0000000000000088       0x38 EXT_INT1_Prog.o
 .debug_ranges  0x00000000000000c0       0x38 EXT_INT2_Prog.o
 .debug_ranges  0x00000000000000f8       0x18 GP_INT.o
 .debug_ranges  0x0000000000000110       0x28 main.o

.debug_macro
 *(.debug_macro)
OUTPUT(Interrupt_Test.elf elf32-avr)
LOAD linker stubs
LOAD data_init

.note.gnu.avr.deviceinfo
                0x0000000000000000       0x3c
 .note.gnu.avr.deviceinfo
                0x0000000000000000       0x3c E:/MEC/embedded/7.0/Packs/atmel/ATmega_DFP/1.7.374/xc8/avr/lib/avr5/memx-const/crtatmega32.o

.bss.EXT0_PF    0x0000000000800060        0x2
 .bss.EXT0_PF   0x0000000000800060        0x2 EXT_INT0_Prog.o
                0x0000000000800060                EXT0_PF

.bss.EXT1_PF    0x0000000000800062        0x2
 .bss.EXT1_PF   0x0000000000800062        0x2 EXT_INT1_Prog.o
                0x0000000000800062                EXT1_PF

.bss.EXT2_PF    0x0000000000800064        0x2
 .bss.EXT2_PF   0x0000000000800064        0x2 EXT_INT2_Prog.o
                0x0000000000800064                EXT2_PF

.text.Set_Pin_Direction
                0x00000000000000ae       0xe0
 .text.Set_Pin_Direction
                0x00000000000000ae       0xe0 DIO_prog.o
                0x00000000000000ae                Set_Pin_Direction

.text.Set_Pin_Val
                0x000000000000018e       0xe0
 .text.Set_Pin_Val
                0x000000000000018e       0xe0 DIO_prog.o
                0x000000000000018e                Set_Pin_Val

.text.EXT_INT0_SenseControl
                0x000000000000026e       0xa6
 .text.EXT_INT0_SenseControl
                0x000000000000026e       0xa6 EXT_INT0_Prog.o
                0x000000000000026e                EXT_INT0_SenseControl

.text.EXT_INT1_SenseControl
                0x0000000000000314       0xa6
 .text.EXT_INT1_SenseControl
                0x0000000000000314       0xa6 EXT_INT1_Prog.o
                0x0000000000000314                EXT_INT1_SenseControl

.text.main      0x00000000000003ba       0x96
 .text.main     0x00000000000003ba       0x96 main.o
                0x00000000000003ba                main

.text.__vector_1
                0x0000000000000450       0x4e
 .text.__vector_1
                0x0000000000000450       0x4e EXT_INT0_Prog.o
                0x0000000000000450                __vector_1

.text.__vector_2
                0x000000000000049e       0x4e
 .text.__vector_2
                0x000000000000049e       0x4e EXT_INT1_Prog.o
                0x000000000000049e                __vector_2

.text.__vector_3
                0x00000000000004ec       0x4e
 .text.__vector_3
                0x00000000000004ec       0x4e EXT_INT2_Prog.o
                0x00000000000004ec                __vector_3

.text.EXT_INT2_SenseControl
                0x000000000000053a       0x32
 .text.EXT_INT2_SenseControl
                0x000000000000053a       0x32 EXT_INT2_Prog.o
                0x000000000000053a                EXT_INT2_SenseControl

.text.FUNC0     0x000000000000056c       0x1e
 .text.FUNC0    0x000000000000056c       0x1e main.o
                0x000000000000056c                FUNC0

.text.FUNC1     0x000000000000058a       0x1e
 .text.FUNC1    0x000000000000058a       0x1e main.o
                0x000000000000058a                FUNC1

.text.FUNC2     0x00000000000005a8       0x1e
 .text.FUNC2    0x00000000000005a8       0x1e main.o
                0x00000000000005a8                FUNC2

.text.exit      0x00000000000005c6       0x16
 .text.exit     0x00000000000005c6       0x16 c:/program files/microchip/xc8/v2.36/avr/bin/../lib/gcc/avr/5.4.0/../../../../avr/lib/avr5/memx-const\libc.a(exit.o)
                0x00000000000005c6                exit

.text.EXT_INT0_Enable
                0x00000000000005dc       0x14
 .text.EXT_INT0_Enable
                0x00000000000005dc       0x14 EXT_INT0_Prog.o
                0x00000000000005dc                EXT_INT0_Enable

.text.EXT_INT1_Enable
                0x00000000000005f0       0x14
 .text.EXT_INT1_Enable
                0x00000000000005f0       0x14 EXT_INT1_Prog.o
                0x00000000000005f0                EXT_INT1_Enable

.text.EXT_INT2_Enable
                0x0000000000000604       0x14
 .text.EXT_INT2_Enable
                0x0000000000000604       0x14 EXT_INT2_Prog.o
                0x0000000000000604                EXT_INT2_Enable

.text.EXT_INT0_CallBack
                0x0000000000000618        0xa
 .text.EXT_INT0_CallBack
                0x0000000000000618        0xa EXT_INT0_Prog.o
                0x0000000000000618                EXT_INT0_CallBack

.text.EXT_INT1_CallBack
                0x0000000000000622        0xa
 .text.EXT_INT1_CallBack
                0x0000000000000622        0xa EXT_INT1_Prog.o
                0x0000000000000622                EXT_INT1_CallBack

.text.EXT_INT2_CallBack
                0x000000000000062c        0xa
 .text.EXT_INT2_CallBack
                0x000000000000062c        0xa EXT_INT2_Prog.o
                0x000000000000062c                EXT_INT2_CallBack

.text.GP_INT_Enable
                0x0000000000000636        0x8
 .text.GP_INT_Enable
                0x0000000000000636        0x8 GP_INT.o
                0x0000000000000636                GP_INT_Enable

.text           0x000000000000063e        0x4
 .text          0x000000000000063e        0x4 E:/MEC/embedded/7.0/Packs/atmel/ATmega_DFP/1.7.374/xc8/avr/lib/avr5/memx-const/crtatmega32.o
                0x000000000000063e                __vector_12
                0x000000000000063e                __bad_interrupt
                0x000000000000063e                __vector_6
                0x000000000000063e                __vector_11
                0x000000000000063e                __vector_13
                0x000000000000063e                __vector_17
                0x000000000000063e                __vector_19
                0x000000000000063e                __vector_7
                0x000000000000063e                __vector_5
                0x000000000000063e                __vector_4
                0x000000000000063e                __vector_9
                0x000000000000063e                __vector_15
                0x000000000000063e                __vector_8
                0x000000000000063e                __vector_14
                0x000000000000063e                __vector_10
                0x000000000000063e                __vector_16
                0x000000000000063e                __vector_18
                0x000000000000063e                __vector_20

.text._Exit     0x0000000000000642        0x4
 .text._Exit    0x0000000000000642        0x4 c:/program files/microchip/xc8/v2.36/avr/bin/../lib/gcc/avr/5.4.0/../../../../avr/lib/avr5/memx-const\libc.a(_Exit.o)
                0x0000000000000642                _Exit

.text.__dummy_fini
                0x0000000000000646        0x2
 .text.__dummy_fini
                0x0000000000000646        0x2 c:/program files/microchip/xc8/v2.36/avr/bin/../lib/gcc/avr/5.4.0/../../../../avr/lib/avr5/memx-const\libc.a(exit.o)
                0x0000000000000646                _fini

.text.__dummy_funcs_on_exit
                0x0000000000000648        0x2
 .text.__dummy_funcs_on_exit
                0x0000000000000648        0x2 c:/program files/microchip/xc8/v2.36/avr/bin/../lib/gcc/avr/5.4.0/../../../../avr/lib/avr5/memx-const\libc.a(exit.o)
                0x0000000000000648                __funcs_on_exit

.text.__dummy_simulator_exit
                0x000000000000064a        0x2
 .text.__dummy_simulator_exit
                0x000000000000064a        0x2 c:/program files/microchip/xc8/v2.36/avr/bin/../lib/gcc/avr/5.4.0/../../../../avr/lib/avr5/memx-const\libc.a(exit.o)
                0x000000000000064a                __simulator_exit
